// Jest Snapshot v1, https://goo.gl/fbAQLP

exports[`<User  /> renders without crashing [snapshot test] 1`] = `
<div
  className="User"
>
  <div
    className="image-wrapper"
  >
    <img
      alt="user_avatar"
      src="https://robohash.org/itaquevoluptatumrerum.jpg?size=200x200&set=set1"
    />
  </div>
  <div
    className="user-info"
  >
    <h4>
      Koren Templeton
    </h4>
    <p
      className="user-status"
    >
      on stage
    </p>
  </div>
</div>
`;
